// Jest Snapshot v1, https://goo.gl/fbAQLP

exports[`App component component matches snapshot 1`] = `
<styled.div>
  <styled.div>
    <FormTabs
      activeStep="User"
    />
    <FormBody
      activeStep="User"
      setActiveStep={[Function]}
    />
  </styled.div>
</styled.div>
`;
