// Jest Snapshot v1, https://goo.gl/fbAQLP

exports[`DonePanel component component matches snapshot 1`] = `
<styled.div>
  <styled.div>
    <TickIcon />
  </styled.div>
  Please verify your email address, you should have received an email from us today
</styled.div>
`;
